// Jest Snapshot v1, https://goo.gl/fbAQLP

exports[`<Footer/> should render on screen 1`] = `
.c0 {
  padding: 1.5rem;
  display: -webkit-box;
  display: -webkit-flex;
  display: -ms-flexbox;
  display: flex;
  -webkit-box-pack: center;
  -webkit-justify-content: center;
  -ms-flex-pack: center;
  justify-content: center;
  -webkit-align-items: center;
  -webkit-box-align: center;
  -ms-flex-align: center;
  align-items: center;
  border-top: 3px solid;
  border-image: linear-gradient(90deg,rgba(44,62,80,0.1) 0px,rgba(44,100,80,0.6) 40%,rgba(44,62,80,0.1) 100%) 1;
  background-clip: padding-box;
  margin-top: 0.625rem;
}

.c1 {
  display: -webkit-box;
  display: -webkit-flex;
  display: -ms-flexbox;
  display: flex;
}

<div>
  <footer
    class="c0"
  >
    <p
      class="c1"
    >
      Guilherme Turri - 2023
    </p>
  </footer>
</div>
`;
