// Jest Snapshot v1, https://goo.gl/fbAQLP

exports[`<ErrorMessage/> should render on screen 1`] = `
.c0 {
  color: #ff5500;
  font-size: 0.85rem;
}

<div>
  <p
    class="c0"
  >
    test
  </p>
</div>
`;
