// Jest Snapshot v1, https://goo.gl/fbAQLP

exports[`</Menu> should render on screen 1`] = `
.c1 {
  display: inline-block;
  vertical-align: middle;
  overflow: hidden;
}

.c0 {
  color: #00CBA9;
  width: 100%;
  height: 100%;
}

<div>
  <div
    class="c0"
    data-testid="MenuOutline"
  >
    <svg
      aria-hidden="true"
      class="c1"
      fill="currentColor"
      focusable="false"
      viewBox="0 0 24 24"
      xmlns="http://www.w3.org/2000/svg"
    >
      <g
        data-name="Layer 2"
      >
        <g
          data-name="menu"
        >
          <rect
            height="2"
            rx="0.95"
            ry="0.95"
            width="18"
            x="3"
            y="11"
          />
          <rect
            height="2"
            rx="0.95"
            ry="0.95"
            width="18"
            x="3"
            y="16"
          />
          <rect
            height="2"
            rx="0.95"
            ry="0.95"
            width="18"
            x="3"
            y="6"
          />
        </g>
      </g>
    </svg>
  </div>
</div>
`;
