// Jest Snapshot v1, https://goo.gl/fbAQLP

exports[`<TextCompoenent /> should render on screen 1`] = `
.c0 {
  display: -webkit-box;
  display: -webkit-flex;
  display: -ms-flexbox;
  display: flex;
}

<div>
  <p
    class="c0"
  >
    test
  </p>
</div>
`;
