// Jest Snapshot v1, https://goo.gl/fbAQLP

exports[`<CardPost /> should render on screen properly 1`] = `
.c0 {
  min-height: 150px;
  display: -webkit-box;
  display: -webkit-flex;
  display: -ms-flexbox;
  display: flex;
  -webkit-flex-direction: row;
  -ms-flex-direction: row;
  flex-direction: row;
  -webkit-flex: 0 0 85%;
  -ms-flex: 0 0 85%;
  flex: 0 0 85%;
  -webkit-box-pack: space-evenly;
  -webkit-justify-content: space-evenly;
  -ms-flex-pack: space-evenly;
  justify-content: space-evenly;
  margin-top: 0.313rem;
}

.c1 {
  display: -webkit-box;
  display: -webkit-flex;
  display: -ms-flexbox;
  display: flex;
  -webkit-flex-direction: column;
  -ms-flex-direction: column;
  flex-direction: column;
  -webkit-box-pack: space-evenly;
  -webkit-justify-content: space-evenly;
  -ms-flex-pack: space-evenly;
  justify-content: space-evenly;
  -webkit-align-items: center;
  -webkit-box-align: center;
  -ms-flex-align: center;
  align-items: center;
  -webkit-flex: 0 20%;
  -ms-flex: 0 20%;
  flex: 0 20%;
}

.c1 a {
  color: #c4d299;
  font-weight: bold;
  cursor: pointer;
}

.c2 {
  width: 5.625rem;
  height: 5.625rem;
  display: -webkit-box;
  display: -webkit-flex;
  display: -ms-flexbox;
  display: flex;
  border-radius: 50%;
  object-fit: cover;
}

.c3 {
  display: -webkit-box;
  display: -webkit-flex;
  display: -ms-flexbox;
  display: flex;
  -webkit-flex: 0 80%;
  -ms-flex: 0 80%;
  flex: 0 80%;
  -webkit-flex-direction: column;
  -ms-flex-direction: column;
  flex-direction: column;
  -webkit-box-pack: space-around;
  -webkit-justify-content: space-around;
  -ms-flex-pack: space-around;
  justify-content: space-around;
  padding: 0.625rem;
}

.c3 > *:nth-child(1) {
  color: #c4d299;
  font-weight: bold;
}

.c3 > *:nth-child(3) {
  font-size: 0.85rem;
}

.c4 {
  display: -webkit-box;
  display: -webkit-flex;
  display: -ms-flexbox;
  display: flex;
}

<div>
  <main
    class="c0"
    data-testid="cardContainer"
  >
    <div
      class="c1"
    >
      <img
        alt="Profile"
        class="c2"
      />
      <a
        href="/user/123"
      >
        @
        AuthorTest
      </a>
    </div>
    <div
      class="c3"
    >
      <p
        class="c4"
      >
        This is a Tittle
      </p>
      <p
        class="c4"
      >
        This is the content
      </p>
      <p
        class="c4"
      >
        7 months ago
      </p>
    </div>
  </main>
</div>
`;
