// Jest Snapshot v1, https://goo.gl/fbAQLP

exports[`<Heading /> should render on screen with h2 and uppercase false 1`] = `
.c0 {
  text-transform: none;
  color: #00CBA9;
  font-size: 3rem;
  font-family: Nanum Brush Script;
}

<div>
  <h2
    class="c0"
  >
    test
  </h2>
</div>
`;
