// Jest Snapshot v1, https://goo.gl/fbAQLP

exports[`<Info/> should render on screen with loading 1`] = `
.c0 {
  display: -webkit-box;
  display: -webkit-flex;
  display: -ms-flexbox;
  display: flex;
  -webkit-box-pack: center;
  -webkit-justify-content: center;
  -ms-flex-pack: center;
  justify-content: center;
  margin: 0.313rem;
}

.c1 {
  display: -webkit-box;
  display: -webkit-flex;
  display: -ms-flexbox;
  display: flex;
  height: 100%;
  width: 100%;
}

.c2 {
  display: -webkit-box;
  display: -webkit-flex;
  display: -ms-flexbox;
  display: flex;
  height: 32px;
  width: 32px;
  color: #00CBA9;
}

.c3 {
  display: -webkit-box;
  display: -webkit-flex;
  display: -ms-flexbox;
  display: flex;
  width: 100%;
  height: 100%;
  -webkit-animation: fvtopB 1.5s linear infinite;
  animation: fvtopB 1.5s linear infinite;
}

.c4 {
  display: inline-block;
  vertical-align: middle;
  overflow: hidden;
}

<div>
  <div
    class="c0"
  >
    <div
      class="c1"
    />
    <div
      class="c2"
    >
      <div
        class="c3"
        data-testid="loading"
      >
        <svg
          aria-hidden="true"
          class="c4"
          fill="currentColor"
          focusable="false"
          viewBox="0 0 24 24"
          xmlns="http://www.w3.org/2000/svg"
        >
          <path
            d="M2 11h5v2H2zm15 0h5v2h-5zm-6 6h2v5h-2zm0-15h2v5h-2zM4.222 5.636l1.414-1.414 3.536 3.536-1.414 1.414zm15.556 12.728-1.414 1.414-3.536-3.536 1.414-1.414zm-12.02-3.536 1.414 1.414-3.536 3.536-1.414-1.414zm7.07-7.071 3.536-3.535 1.414 1.415-3.536 3.535z"
          />
        </svg>
      </div>
    </div>
  </div>
</div>
`;
