// Jest Snapshot v1, https://goo.gl/fbAQLP

exports[`</Delete> should render on screen 1`] = `
.c1 {
  display: inline-block;
  vertical-align: middle;
  overflow: hidden;
}

.c0 {
  color: #00CBA9;
  width: 100%;
  height: 100%;
}

<div>
  <div
    class="c0"
    data-testid="Delete"
  >
    <svg
      aria-hidden="true"
      class="c1"
      fill="currentColor"
      focusable="false"
      viewBox="0 0 24 24"
      xmlns="http://www.w3.org/2000/svg"
    >
      <path
        d="M6 19c0 1.1.9 2 2 2h8c1.1 0 2-.9 2-2V7H6v12zm2.46-7.12 1.41-1.41L12 12.59l2.12-2.12 1.41 1.41L13.41 14l2.12 2.12-1.41 1.41L12 15.41l-2.12 2.12-1.41-1.41L10.59 14l-2.13-2.12zM15.5 4l-1-1h-5l-1 1H5v2h14V4z"
      />
    </svg>
  </div>
</div>
`;
